******************************************************************************
                  TI ARM Linker PC v5.1.5                      
******************************************************************************
>> Linked Fri May 15 12:10:10 2015

OUTPUT FILE NAME:   <MDAC.out>
ENTRY POINT SYMBOL: "_c_int00"  address: 00001291


MEMORY CONFIGURATION

         name            origin    length      used     unused   attr    fill
----------------------  --------  ---------  --------  --------  ----  --------
  FLASH                 00000000   00040000  00001ae4  0003e51c  R  X
  SRAM                  20000000   00008000  00000980  00007680  RW X


SEGMENT ALLOCATION MAP

run origin  load origin   length   init length attrs members
----------  ----------- ---------- ----------- ----- -------
00000000    00000000    00001ae8   00001ae8    r-x
  00000000    00000000    0000026c   0000026c    r-- .intvecs
  0000026c    0000026c    000011b4   000011b4    r-x .text
  00001420    00001420    0000006c   0000006c    r-- .const
  00001490    00001490    00000658   00000658    r-- .cinit
20000000    20000000    00000980   00000000    rw-
  20000000    20000000    00000780   00000000    rw- .data
  20000780    20000780    00000200   00000000    rw- .stack


SECTION ALLOCATION MAP

 output                                  attributes/
section   page    origin      length       input sections
--------  ----  ----------  ----------   ----------------
.intvecs   0    00000000    0000026c     
                  00000000    0000026c     tm4c123gh6pm_startup_ccs.obj (.intvecs)

.init_array 
*          0    00000000    00000000     UNINITIALIZED

.text      0    0000026c    000011b4     
                  0000026c    00000714     LCDDriver.obj (.text)
                  00000980    00000444     main.obj (.text)
                  00000dc4    000001ac     mdac.obj (.text)
                  00000f70    00000118     driverlib.lib : sysctl.obj (.text:SysCtlClockGet)
                  00001088    0000009c     rtsv7M4_T_le_v4SPD16_eabi.lib : memcpy_t2.obj (.text)
                  00001124    00000094                                   : auto_init.obj (.text)
                  000011b8    00000078                                   : memset_t2.obj (.text)
                  00001230    0000005e                                   : copy_decompress_rle.obj (.text)
                  0000128e    00000002     --HOLE-- [fill = 0]
                  00001290    00000048                                   : boot.obj (.text)
                  000012d8    00000044                                   : cpy_tbl.obj (.text)
                  0000131c    00000044                                   : exit.obj (.text)
                  00001360    0000002e     driverlib.lib : adc.obj (.text:ADCIntStatus)
                  0000138e    0000001e                   : adc.obj (.text:ADCSequenceDataGet)
                  000013ac    00000018     rtsv7M4_T_le_v4SPD16_eabi.lib : args_main.obj (.text)
                  000013c4    00000016     driverlib.lib : adc.obj (.text:ADCProcessorTrigger)
                  000013da    00000002     --HOLE-- [fill = 0]
                  000013dc    00000014     rtsv7M4_T_le_v4SPD16_eabi.lib : _lock.obj (.text)
                  000013f0    0000000e                                   : copy_decompress_none.obj (.text:decompress:none)
                  000013fe    0000000c     tm4c123gh6pm_startup_ccs.obj (.text)
                  0000140a    0000000a     driverlib.lib : adc.obj (.text:ADCIntClear)
                  00001414    00000006                   : gpio.obj (.text:GPIOPinWrite)
                  0000141a    00000006     rtsv7M4_T_le_v4SPD16_eabi.lib : copy_decompress_rle.obj (.text:decompress:rle24)

.const     0    00001420    0000006c     
                  00001420    0000006c     driverlib.lib : sysctl.obj (.const:g_pui32Xtals)

.cinit     0    00001490    00000658     
                  00001490    00000647     (.cinit..data.load) [load image, compression = rle]
                  00001ad7    00000001     --HOLE-- [fill = 0]
                  00001ad8    00000008     (__TI_handler_table)
                  00001ae0    00000008     (__TI_cinit_table)

.data      0    20000000    00000780     UNINITIALIZED
                  20000000    00000610     LCDDriver.obj (.data:asc)
                  20000610    00000120     LCDDriver.obj (.data:CHINESE_MATRIX)
                  20000730    00000028     main.obj (.data:sample_buff)
                  20000758    00000014     main.obj (.data)
                  2000076c    00000008     rtsv7M4_T_le_v4SPD16_eabi.lib : _lock.obj (.data)
                  20000774    00000008                                   : exit.obj (.data)
                  2000077c    00000004                                   : stkdepth_vars.obj (.data)

.stack     0    20000780    00000200     UNINITIALIZED
                  20000780    00000200     --HOLE--


LINKER GENERATED COPY TABLES

__TI_cinit_table @ 00001ae0 records: 1, size/record: 8, table size: 8
	.data: load addr=00001490, load size=00000647 bytes, run addr=20000000, run size=00000780 bytes, compression=rle


LINKER GENERATED HANDLER TABLE

__TI_handler_table @ 00001ad8 records: 2, size/record: 4, table size: 8
	index: 0, handler: __TI_decompress_rle24
	index: 1, handler: __TI_decompress_none


GLOBAL SYMBOLS: SORTED ALPHABETICALLY BY Name 

address    name
--------   ----
0000140b   ADCIntClear
00001361   ADCIntStatus
000013c5   ADCProcessorTrigger
0000138f   ADCSequenceDataGet
00000907   ADCWheel_ValueGet
0000131d   C$$EXIT
20000610   CHINESE_MATRIX
00001415   GPIOPinWrite
00000981   Init_ADC
0000089d   Init_ADCWheel
000006df   Init_Key
00000399   LCD_Delay_LongTime
000003db   LCD_Delay_ShortTime
00000519   LCD_Draw_Char
0000061d   LCD_Draw_Chinese
000002d9   LCD_Enable
000004ad   LCD_Init
0000026d   LCD_ScreenClr
00000461   LCD_TransferCmd
00000415   LCD_TransferData
000013ff   ResetISR
UNDEFED    SHT$$INIT_ARRAY$$Base
UNDEFED    SHT$$INIT_ARRAY$$Limit
00000f71   SysCtlClockGet
20000980   __STACK_END
00000200   __STACK_SIZE
20000980   __STACK_TOP
00001ae0   __TI_CINIT_Base
00001ae8   __TI_CINIT_Limit
00001ad8   __TI_Handler_Table_Base
00001ae0   __TI_Handler_Table_Limit
00000001   __TI_args_main
00001125   __TI_auto_init
20000774   __TI_cleanup_ptr
000013f1   __TI_decompress_none
0000141b   __TI_decompress_rle24
20000778   __TI_dtors_ptr
00000000   __TI_static_base__
000011b9   __aeabi_memclr
000011b9   __aeabi_memclr4
000011b9   __aeabi_memclr8
00001089   __aeabi_memcpy
00001089   __aeabi_memcpy4
00001089   __aeabi_memcpy8
000011bb   __aeabi_memset
000011bb   __aeabi_memset4
000011bb   __aeabi_memset8
ffffffff   __binit__
ffffffff   __c_args__
20000780   __stack
000013ad   _args_main
00001291   _c_int00
2000076c   _lock
000013eb   _nop
000013e3   _register_lock
000013dd   _register_unlock
20000770   _unlock
00001321   abort
20000000   asc
20000768   average_max_sample
ffffffff   binit
000012d9   copy_in
00000dc5   delay
00001329   exit
00000000   g_pfnVectors
20000758   index_buff
20000759   index_ver
00000a01   main
2000077c   main_func_sp
00001089   memcpy
000011c1   memset
20000730   sample_buff
2000075c   sample_ver
00000765   scan_key
00000de7   ssi_en
00000ed5   ssi_send_2_dac8802


GLOBAL SYMBOLS: SORTED BY Symbol Address 

address    name
--------   ----
00000000   __TI_static_base__
00000000   g_pfnVectors
00000001   __TI_args_main
00000200   __STACK_SIZE
0000026d   LCD_ScreenClr
000002d9   LCD_Enable
00000399   LCD_Delay_LongTime
000003db   LCD_Delay_ShortTime
00000415   LCD_TransferData
00000461   LCD_TransferCmd
000004ad   LCD_Init
00000519   LCD_Draw_Char
0000061d   LCD_Draw_Chinese
000006df   Init_Key
00000765   scan_key
0000089d   Init_ADCWheel
00000907   ADCWheel_ValueGet
00000981   Init_ADC
00000a01   main
00000dc5   delay
00000de7   ssi_en
00000ed5   ssi_send_2_dac8802
00000f71   SysCtlClockGet
00001089   __aeabi_memcpy
00001089   __aeabi_memcpy4
00001089   __aeabi_memcpy8
00001089   memcpy
00001125   __TI_auto_init
000011b9   __aeabi_memclr
000011b9   __aeabi_memclr4
000011b9   __aeabi_memclr8
000011bb   __aeabi_memset
000011bb   __aeabi_memset4
000011bb   __aeabi_memset8
000011c1   memset
00001291   _c_int00
000012d9   copy_in
0000131d   C$$EXIT
00001321   abort
00001329   exit
00001361   ADCIntStatus
0000138f   ADCSequenceDataGet
000013ad   _args_main
000013c5   ADCProcessorTrigger
000013dd   _register_unlock
000013e3   _register_lock
000013eb   _nop
000013f1   __TI_decompress_none
000013ff   ResetISR
0000140b   ADCIntClear
00001415   GPIOPinWrite
0000141b   __TI_decompress_rle24
00001ad8   __TI_Handler_Table_Base
00001ae0   __TI_CINIT_Base
00001ae0   __TI_Handler_Table_Limit
00001ae8   __TI_CINIT_Limit
20000000   asc
20000610   CHINESE_MATRIX
20000730   sample_buff
20000758   index_buff
20000759   index_ver
2000075c   sample_ver
20000768   average_max_sample
2000076c   _lock
20000770   _unlock
20000774   __TI_cleanup_ptr
20000778   __TI_dtors_ptr
2000077c   main_func_sp
20000780   __stack
20000980   __STACK_END
20000980   __STACK_TOP
ffffffff   __binit__
ffffffff   __c_args__
ffffffff   binit
UNDEFED    SHT$$INIT_ARRAY$$Base
UNDEFED    SHT$$INIT_ARRAY$$Limit

[76 symbols]
