******************************************************************************
                  TI ARM Linker PC v5.0.4                      
******************************************************************************
>> Linked Tue Aug 11 09:58:54 2015

OUTPUT FILE NAME:   <flynew.out>
ENTRY POINT SYMBOL: "_c_int00"  address: 00002a75


MEMORY CONFIGURATION

         name            origin    length      used     unused   attr    fill
----------------------  --------  ---------  --------  --------  ----  --------
  FLASH                 00000000   00040000  0000328e  0003cd72  R  X
  SRAM                  20000000   00008000  00000458  00007ba8  RW X


SEGMENT ALLOCATION MAP

run origin  load origin   length   init length attrs members
----------  ----------- ---------- ----------- ----- -------
00000000    00000000    00003298   00003298    r-x
  00000000    00000000    0000026c   0000026c    r-- .intvecs
  0000026c    0000026c    00002c30   00002c30    r-x .text
  00002ea0    00002ea0    0000033a   0000033a    r-- .const
  000031e0    000031e0    000000b8   000000b8    r-- .cinit
20000000    20000000    00000200   00000000    rw-
  20000000    20000000    00000200   00000000    rw- .stack
20000200    20000200    00000258   00000144    rw-
  20000200    20000200    00000144   00000144    rw- .data
  20000344    20000344    00000114   00000000    rw- .bss


SECTION ALLOCATION MAP

 output                                  attributes/
section   page    origin      length       input sections
--------  ----  ----------  ----------   ----------------
.intvecs   0    00000000    0000026c     
                  00000000    0000026c     tm4c123gh6pm_startup_ccs.obj (.intvecs)

.init_array 
*          0    00000000    00000000     UNINITIALIZED

.text      0    0000026c    00002c30     
                  0000026c    0000081c     main.obj (.text)
                  00000a88    000004f8     My_UART.obj (.text)
                  00000f80    0000046c     uartstdio.obj (.text)
                  000013ec    00000454     mpu6050.obj (.text)
                  00001840    00000220     rtsv7M4_T_le_v4SPD16_eabi.lib : ll_div_t2.obj (.text)
                  00001a60    00000214                                   : strtod.obj (.text)
                  00001c74    000001b6                                   : fd_add_t2.obj (.text)
                  00001e2a    00000002     --HOLE-- [fill = 0]
                  00001e2c    00000188     CTYPE.obj (.text)
                  00001fb4    00000170     Four_PWM.obj (.text)
                  00002124    00000136     rtsv7M4_T_le_v4SPD16_eabi.lib : fd_div_t2.obj (.text)
                  0000225a    00000130     driverlib.lib : gpio.obj (.text:GPIOPadConfigSet)
                  0000238a    00000002     --HOLE-- [fill = 0]
                  0000238c    00000118                   : sysctl.obj (.text:SysCtlClockGet)
                  000024a4    000000fc     rtsv7M4_T_le_v4SPD16_eabi.lib : fd_mul_t2.obj (.text)
                  000025a0    000000f0     driverlib.lib : sysctl.obj (.text:SysCtlClockSet)
                  00002690    0000009c     rtsv7M4_T_le_v4SPD16_eabi.lib : memcpy_t2.obj (.text)
                  0000272c    00000094                                   : auto_init.obj (.text)
                  000027c0    0000007e                                   : fd_cmp_t2.obj (.text)
                  0000283e    00000078                                   : memset_t2.obj (.text)
                  000028b6    0000006c                                   : fs_toll_t2.obj (.text)
                  00002922    00000002     --HOLE-- [fill = 0]
                  00002924    00000060     driverlib.lib : interrupt.obj (.text:IntEnable)
                  00002984    0000005e     rtsv7M4_T_le_v4SPD16_eabi.lib : copy_decompress_rle.obj (.text)
                  000029e2    0000004a                                   : fd_tos_t2.obj (.text)
                  00002a2c    00000048     driverlib.lib : gpio.obj (.text:GPIOPinConfigure)
                  00002a74    00000048     rtsv7M4_T_le_v4SPD16_eabi.lib : boot.obj (.text)
                  00002abc    00000048                                   : ll_tofs_t2.obj (.text)
                  00002b04    00000044                                   : cpy_tbl.obj (.text)
                  00002b48    00000042                                   : u_divt2.obj (.text)
                  00002b8a    00000040     driverlib.lib : uart.obj (.text:UARTConfigSetExpClk)
                  00002bca    00000002     --HOLE-- [fill = 0]
                  00002bcc    00000040     rtsv7M4_T_le_v4SPD16_eabi.lib : exit.obj (.text)
                  00002c0c    00000038                                   : fs_tod_t2.obj (.text)
                  00002c44    00000034     driverlib.lib : sysctl.obj (.text:SysCtlPeripheralEnable)
                  00002c78    00000034                   : sysctl.obj (.text:SysCtlPeripheralPresent)
                  00002cac    0000002a                   : gpio.obj (.text:GPIODirModeSet)
                  00002cd6    00000022                   : pwm.obj (.text:PWMGenConfigure)
                  00002cf8    00000020     rtsv7M4_T_le_v4SPD16_eabi.lib : u_tofd_t2.obj (.text)
                  00002d18    0000001e     driverlib.lib : pwm.obj (.text:PWMPulseWidthSet)
                  00002d36    00000002     --HOLE-- [fill = 0]
                  00002d38    0000001c                   : uart.obj (.text:UARTDisable)
                  00002d54    00000018     rtsv7M4_T_le_v4SPD16_eabi.lib : args_main.obj (.text)
                  00002d6c    00000014     driverlib.lib : sysctl.obj (.text:SysCtlPWMClockSet)
                  00002d80    00000014                   : uart.obj (.text:UARTEnable)
                  00002d94    00000014     rtsv7M4_T_le_v4SPD16_eabi.lib : _lock.obj (.text)
                  00002da8    00000012     driverlib.lib : gpio.obj (.text:GPIOPinTypePWM)
                  00002dba    00000012                   : gpio.obj (.text:GPIOPinTypeUART)
                  00002dcc    00000012                   : pwm.obj (.text:PWMOutputState)
                  00002dde    00000012     rtsv7M4_T_le_v4SPD16_eabi.lib : copy_zero_init.obj (.text:decompress:ZI)
                  00002df0    00000012                                   : atof.obj (.text)
                  00002e02    00000010     driverlib.lib : pwm.obj (.text:PWMGenPeriodSet)
                  00002e12    0000000e     rtsv7M4_T_le_v4SPD16_eabi.lib : copy_decompress_none.obj (.text:decompress:none)
                  00002e20    0000000c     driverlib.lib : cpu.obj (.text:CPUcpsie)
                  00002e2c    0000000c                   : pwm.obj (.text:PWMGenDisable)
                  00002e38    0000000c                   : pwm.obj (.text:PWMGenEnable)
                  00002e44    0000000c     tm4c123gh6pm_startup_ccs.obj (.text)
                  00002e50    0000000a     driverlib.lib : interrupt.obj (.text:IntMasterEnable)
                  00002e5a    0000000a                   : uart.obj (.text:UARTCharGet)
                  00002e64    0000000a                   : uart.obj (.text:UARTCharPut)
                  00002e6e    0000000a                   : uart.obj (.text:UARTIntStatus)
                  00002e78    00000008                   : uart.obj (.text:UARTIntEnable)
                  00002e80    00000006                   : sysctl.obj (.text:SysCtlDelay)
                  00002e86    00000006                   : uart.obj (.text:UARTClockSourceSet)
                  00002e8c    00000006                   : uart.obj (.text:UARTFIFOLevelSet)
                  00002e92    00000006     rtsv7M4_T_le_v4SPD16_eabi.lib : copy_decompress_rle.obj (.text:decompress:rle24)
                  00002e98    00000004     driverlib.lib : uart.obj (.text:UARTIntClear)

.const     0    00002ea0    0000033a     
                  00002ea0    00000101     rtsv7M4_T_le_v4SPD16_eabi.lib : ctype.obj (.const:.string:_ctypes_)
                  00002fa1    00000007     --HOLE-- [fill = 0]
                  00002fa8    00000098                                   : strtod.obj (.const)
                  00003040    00000090     driverlib.lib : gpio.obj (.const:g_pui32GPIOBaseAddrs)
                  000030d0    00000070                   : interrupt.obj (.const)
                  00003140    0000006c                   : sysctl.obj (.const:g_pui32Xtals)
                  000031ac    0000001c     uartstdio.obj (.const)
                  000031c8    00000012     uartstdio.obj (.const:.string)

.cinit     0    000031e0    000000b8     
                  000031e0    00000090     (.cinit..data.load) [load image, compression = rle]
                  00003270    0000000c     (__TI_handler_table)
                  0000327c    00000004     --HOLE-- [fill = 0]
                  00003280    00000008     (.cinit..bss.load) [load image, compression = zero_init]
                  00003288    00000010     (__TI_cinit_table)

.stack     0    20000000    00000200     UNINITIALIZED
                  20000000    00000200     --HOLE--

.data      0    20000200    00000144     
                  20000200    000000a0     main.obj (.data)
                  200002a0    00000064     main.obj (.data:dat$3)
                  20000304    00000020     Four_PWM.obj (.data)
                  20000324    00000008     rtsv7M4_T_le_v4SPD16_eabi.lib : _lock.obj (.data)
                  2000032c    00000008                                   : exit.obj (.data)
                  20000334    00000005     uartstdio.obj (.data)
                  20000339    00000003     --HOLE--
                  2000033c    00000004     rtsv7M4_T_le_v4SPD16_eabi.lib : errno.obj (.data)
                  20000340    00000004                                   : stkdepth_vars.obj (.data)

.bss       0    20000344    00000114     UNINITIALIZED
                  20000344    00000114     main.obj (.bss)


LINKER GENERATED COPY TABLES

__TI_cinit_table @ 00003288 records: 2, size/record: 8, table size: 16
	.data: load addr=000031e0, load size=00000090 bytes, run addr=20000200, run size=00000144 bytes, compression=rle
	.bss: load addr=00003280, load size=00000008 bytes, run addr=20000344, run size=00000114 bytes, compression=zero_init


LINKER GENERATED HANDLER TABLE

__TI_handler_table @ 00003270 records: 3, size/record: 4, table size: 12
	index: 0, handler: __TI_decompress_rle24
	index: 1, handler: __TI_decompress_none
	index: 2, handler: __TI_zero_init


GLOBAL SYMBOLS: SORTED ALPHABETICALLY BY Name 

address    name
--------   ----
00002bcd   C$$EXIT
00002e21   CPUcpsie
0000141b   DataGet
000020c3   DisEnablePWM
20000200   Downflag
00002093   EnablePWM
00002cad   GPIODirModeSet
0000225b   GPIOPadConfigSet
00002a2d   GPIOPinConfigure
00002da9   GPIOPinTypePWM
00002dbb   GPIOPinTypeUART
00001fb5   InitFourPWM
00002925   IntEnable
00002e51   IntMasterEnable
20000258   Kdx
20000264   Kdy
20000254   Kix
20000260   Kiy
20000250   Kpx
2000025c   Kpy
000013ed   LCD12864_Delay
000002b9   PID
00002cd7   PWMGenConfigure
00002e2d   PWMGenDisable
00002e39   PWMGenEnable
00002e03   PWMGenPeriodSet
00002dcd   PWMOutputState
00002d19   PWMPulseWidthSet
20000314   PWM_0_Width
20000304   PWM_0_prop
20000318   PWM_1_Width
20000308   PWM_1_prop
2000031c   PWM_2_Width
2000030c   PWM_2_prop
20000320   PWM_3_Width
20000310   PWM_3_prop
00002e45   ResetISR
UNDEFED    SHT$$INIT_ARRAY$$Base
UNDEFED    SHT$$INIT_ARRAY$$Limit
20000408   Sdiffa
20000444   Sdiffb
0000202d   SetPWM
200003f4   Sintea
20000430   Sinteb
200003e0   Spropa
2000041c   Spropb
0000238d   SysCtlClockGet
000025a1   SysCtlClockSet
00002e81   SysCtlDelay
00002d6d   SysCtlPWMClockSet
00002c45   SysCtlPeripheralEnable
00002c79   SysCtlPeripheralPresent
00000635   UART0_Handler
00000a89   UART0_init
00000f4d   UART0_send_char
00000f5f   UART0_send_string
00000add   UART1_INIT
00000b37   UART1_recive_char
00000f21   UART1_recive_string
00000b25   UART1_send_char
00000e59   UART1_send_char_string
00000c29   UART1_send_float
00000eb9   UART1_send_float_string
00000c0f   UART1_send_int16_t
00000df9   UART1_send_int16_t_string
00000bf9   UART1_send_int32_t
00000d99   UART1_send_int32_t_string
00000b67   UART1_send_int64_t
00000d21   UART1_send_int64_t_string
00000b49   UART1_send_string
00002e5b   UARTCharGet
00002e65   UARTCharPut
00002e87   UARTClockSourceSet
00002b8b   UARTConfigSetExpClk
00002d39   UARTDisable
00002d81   UARTEnable
00002e8d   UARTFIFOLevelSet
00002e99   UARTIntClear
00002e79   UARTIntEnable
00002e6f   UARTIntStatus
00000f81   UARTStdioConfig
000010c7   UARTgetc
0000100d   UARTgets
000013b9   UARTprintf
000010ed   UARTvprintf
00000fc7   UARTwrite
2000033c   _Errno
20000200   __STACK_END
00000200   __STACK_SIZE
20000200   __STACK_TOP
00003288   __TI_CINIT_Base
00003298   __TI_CINIT_Limit
00003270   __TI_Handler_Table_Base
0000327c   __TI_Handler_Table_Limit
00000001   __TI_args_main
0000272d   __TI_auto_init
00002e13   __TI_decompress_none
00002e93   __TI_decompress_rle24
00000000   __TI_static_base__
00002ddf   __TI_zero_init
000027c1   __aeabi_cdcmpeq
000027c1   __aeabi_cdcmple
000029e3   __aeabi_d2f
00001c7f   __aeabi_dadd
00002125   __aeabi_ddiv
000024a5   __aeabi_dmul
00001c75   __aeabi_dsub
00002c0d   __aeabi_f2d
000028b7   __aeabi_f2lz
00002abd   __aeabi_l2f
00001841   __aeabi_ldivmod
0000283f   __aeabi_memclr
0000283f   __aeabi_memclr4
0000283f   __aeabi_memclr8
00002691   __aeabi_memcpy
00002691   __aeabi_memcpy4
00002691   __aeabi_memcpy8
00002841   __aeabi_memset
00002841   __aeabi_memset4
00002841   __aeabi_memset8
00002cf9   __aeabi_ui2d
00002b49   __aeabi_uidivmod
ffffffff   __binit__
ffffffff   __c_args__
20000000   __stack
00002d55   _args_main
00002a75   _c_int00
2000032c   _cleanup_ptr
00002ea0   _ctypes_
20000330   _dtors_ptr
20000324   _lock
00002da3   _nop
00002d9b   _register_lock
00002d95   _register_unlock
20000328   _unlock
00002bd1   abort
00002df1   atof
ffffffff   binit
00002b05   copy_in
20000278   diffa
20000290   diffb
2000021c   ekx
20000220   eky
20000224   ekz
00002bd9   exit
00001e2d   ftoa
00000000   g_pfnVectors
20000270   intea
20000288   inteb
20000204   ma0
0000026d   main
20000340   main_func_sp
20000206   mb0
20000208   mc0
2000020a   md0
00002691   memcpy
00002847   memset
2000020c   moto1
20000210   moto2
20000214   moto3
20000218   moto4
20000268   propa
20000280   propb
00001a61   strtod
20000228   sum_ekx
20000230   sum_eky
200003d4   ukx
200003d8   uky
200003dc   ukz
20000344   wx
20000244   wx0
2000035c   wx_buf
20000348   wy
20000248   wy0
20000370   wy_buf
2000034c   wz
2000024c   wz0
20000384   wz_buf
20000350   x
20000238   x0
20000398   x_buf
20000354   y
2000023c   y0
200003ac   y_buf
20000358   z
20000240   z0
200003c0   z_buf


GLOBAL SYMBOLS: SORTED BY Symbol Address 

address    name
--------   ----
00000000   __TI_static_base__
00000000   g_pfnVectors
00000001   __TI_args_main
00000200   __STACK_SIZE
0000026d   main
000002b9   PID
00000635   UART0_Handler
00000a89   UART0_init
00000add   UART1_INIT
00000b25   UART1_send_char
00000b37   UART1_recive_char
00000b49   UART1_send_string
00000b67   UART1_send_int64_t
00000bf9   UART1_send_int32_t
00000c0f   UART1_send_int16_t
00000c29   UART1_send_float
00000d21   UART1_send_int64_t_string
00000d99   UART1_send_int32_t_string
00000df9   UART1_send_int16_t_string
00000e59   UART1_send_char_string
00000eb9   UART1_send_float_string
00000f21   UART1_recive_string
00000f4d   UART0_send_char
00000f5f   UART0_send_string
00000f81   UARTStdioConfig
00000fc7   UARTwrite
0000100d   UARTgets
000010c7   UARTgetc
000010ed   UARTvprintf
000013b9   UARTprintf
000013ed   LCD12864_Delay
0000141b   DataGet
00001841   __aeabi_ldivmod
00001a61   strtod
00001c75   __aeabi_dsub
00001c7f   __aeabi_dadd
00001e2d   ftoa
00001fb5   InitFourPWM
0000202d   SetPWM
00002093   EnablePWM
000020c3   DisEnablePWM
00002125   __aeabi_ddiv
0000225b   GPIOPadConfigSet
0000238d   SysCtlClockGet
000024a5   __aeabi_dmul
000025a1   SysCtlClockSet
00002691   __aeabi_memcpy
00002691   __aeabi_memcpy4
00002691   __aeabi_memcpy8
00002691   memcpy
0000272d   __TI_auto_init
000027c1   __aeabi_cdcmpeq
000027c1   __aeabi_cdcmple
0000283f   __aeabi_memclr
0000283f   __aeabi_memclr4
0000283f   __aeabi_memclr8
00002841   __aeabi_memset
00002841   __aeabi_memset4
00002841   __aeabi_memset8
00002847   memset
000028b7   __aeabi_f2lz
00002925   IntEnable
000029e3   __aeabi_d2f
00002a2d   GPIOPinConfigure
00002a75   _c_int00
00002abd   __aeabi_l2f
00002b05   copy_in
00002b49   __aeabi_uidivmod
00002b8b   UARTConfigSetExpClk
00002bcd   C$$EXIT
00002bd1   abort
00002bd9   exit
00002c0d   __aeabi_f2d
00002c45   SysCtlPeripheralEnable
00002c79   SysCtlPeripheralPresent
00002cad   GPIODirModeSet
00002cd7   PWMGenConfigure
00002cf9   __aeabi_ui2d
00002d19   PWMPulseWidthSet
00002d39   UARTDisable
00002d55   _args_main
00002d6d   SysCtlPWMClockSet
00002d81   UARTEnable
00002d95   _register_unlock
00002d9b   _register_lock
00002da3   _nop
00002da9   GPIOPinTypePWM
00002dbb   GPIOPinTypeUART
00002dcd   PWMOutputState
00002ddf   __TI_zero_init
00002df1   atof
00002e03   PWMGenPeriodSet
00002e13   __TI_decompress_none
00002e21   CPUcpsie
00002e2d   PWMGenDisable
00002e39   PWMGenEnable
00002e45   ResetISR
00002e51   IntMasterEnable
00002e5b   UARTCharGet
00002e65   UARTCharPut
00002e6f   UARTIntStatus
00002e79   UARTIntEnable
00002e81   SysCtlDelay
00002e87   UARTClockSourceSet
00002e8d   UARTFIFOLevelSet
00002e93   __TI_decompress_rle24
00002e99   UARTIntClear
00002ea0   _ctypes_
00003270   __TI_Handler_Table_Base
0000327c   __TI_Handler_Table_Limit
00003288   __TI_CINIT_Base
00003298   __TI_CINIT_Limit
20000000   __stack
20000200   Downflag
20000200   __STACK_END
20000200   __STACK_TOP
20000204   ma0
20000206   mb0
20000208   mc0
2000020a   md0
2000020c   moto1
20000210   moto2
20000214   moto3
20000218   moto4
2000021c   ekx
20000220   eky
20000224   ekz
20000228   sum_ekx
20000230   sum_eky
20000238   x0
2000023c   y0
20000240   z0
20000244   wx0
20000248   wy0
2000024c   wz0
20000250   Kpx
20000254   Kix
20000258   Kdx
2000025c   Kpy
20000260   Kiy
20000264   Kdy
20000268   propa
20000270   intea
20000278   diffa
20000280   propb
20000288   inteb
20000290   diffb
20000304   PWM_0_prop
20000308   PWM_1_prop
2000030c   PWM_2_prop
20000310   PWM_3_prop
20000314   PWM_0_Width
20000318   PWM_1_Width
2000031c   PWM_2_Width
20000320   PWM_3_Width
20000324   _lock
20000328   _unlock
2000032c   _cleanup_ptr
20000330   _dtors_ptr
2000033c   _Errno
20000340   main_func_sp
20000344   wx
20000348   wy
2000034c   wz
20000350   x
20000354   y
20000358   z
2000035c   wx_buf
20000370   wy_buf
20000384   wz_buf
20000398   x_buf
200003ac   y_buf
200003c0   z_buf
200003d4   ukx
200003d8   uky
200003dc   ukz
200003e0   Spropa
200003f4   Sintea
20000408   Sdiffa
2000041c   Spropb
20000430   Sinteb
20000444   Sdiffb
ffffffff   __binit__
ffffffff   __c_args__
ffffffff   binit
UNDEFED    SHT$$INIT_ARRAY$$Base
UNDEFED    SHT$$INIT_ARRAY$$Limit

[187 symbols]
