******************************************************************************
                  TI ARM Linker PC v5.0.4                      
******************************************************************************
>> Linked Tue Aug 11 14:34:18 2015

OUTPUT FILE NAME:   <led.out>
ENTRY POINT SYMBOL: "_c_int00"  address: 00000ec1


MEMORY CONFIGURATION

         name            origin    length      used     unused   attr    fill
----------------------  --------  ---------  --------  --------  ----  --------
  FLASH                 00000000   00040000  000013a4  0003ec5c  R  X
  SRAM                  20000000   00008000  0000021d  00007de3  RW X


SEGMENT ALLOCATION MAP

run origin  load origin   length   init length attrs members
----------  ----------- ---------- ----------- ----- -------
00000000    00000000    000013a8   000013a8    r-x
  00000000    00000000    0000026c   0000026c    r-- .intvecs
  0000026c    0000026c    00000f7e   00000f7e    r-x .text
  000011ec    000011ec    0000019a   0000019a    r-- .const
  00001388    00001388    00000020   00000020    r-- .cinit
20000000    20000000    00000200   00000000    rw-
  20000000    20000000    00000200   00000000    rw- .stack
20000200    20000200    0000001d   0000001d    rw-
  20000200    20000200    0000001d   0000001d    rw- .data


SECTION ALLOCATION MAP

 output                                  attributes/
section   page    origin      length       input sections
--------  ----  ----------  ----------   ----------------
.intvecs   0    00000000    0000026c     
                  00000000    0000026c     startup_ccs.obj (.intvecs)

.init_array 
*          0    00000000    00000000     UNINITIALIZED

.text      0    0000026c    00000f7e     
                  0000026c    0000046c     uartstdio.obj (.text)
                  000006d8    000001c4     main.obj (.text)
                  0000089c    00000130     driverlib.lib : gpio.obj (.text:GPIOPadConfigSet)
                  000009cc    00000118                   : sysctl.obj (.text:SysCtlClockGet)
                  00000ae4    000000f0                   : sysctl.obj (.text:SysCtlClockSet)
                  00000bd4    0000009c     rtsv7M4_T_le_v4SPD16_eabi.lib : memcpy_t2.obj (.text)
                  00000c70    00000094                                   : auto_init.obj (.text)
                  00000d04    00000060     driverlib.lib : interrupt.obj (.text:IntEnable)
                  00000d64    0000005e     rtsv7M4_T_le_v4SPD16_eabi.lib : copy_decompress_rle.obj (.text)
                  00000dc2    00000002     --HOLE-- [fill = 0]
                  00000dc4    0000005c     driverlib.lib : timer.obj (.text:TimerConfigure)
                  00000e20    00000056                   : gpio.obj (.text:GPIOIntTypeSet)
                  00000e76    00000002     --HOLE-- [fill = 0]
                  00000e78    00000048                   : gpio.obj (.text:GPIOPinConfigure)
                  00000ec0    00000048     rtsv7M4_T_le_v4SPD16_eabi.lib : boot.obj (.text)
                  00000f08    00000044                                   : cpy_tbl.obj (.text)
                  00000f4c    00000042                                   : u_divt2.obj (.text)
                  00000f8e    00000040     driverlib.lib : uart.obj (.text:UARTConfigSetExpClk)
                  00000fce    00000002     --HOLE-- [fill = 0]
                  00000fd0    00000040     rtsv7M4_T_le_v4SPD16_eabi.lib : exit.obj (.text)
                  00001010    00000034     driverlib.lib : sysctl.obj (.text:SysCtlPeripheralEnable)
                  00001044    00000034                   : sysctl.obj (.text:SysCtlPeripheralPresent)
                  00001078    0000002a                   : gpio.obj (.text:GPIODirModeSet)
                  000010a2    00000002     --HOLE-- [fill = 0]
                  000010a4    0000001c                   : uart.obj (.text:UARTDisable)
                  000010c0    00000018                   : gpio.obj (.text:GPIOPinTypeGPIOOutput)
                  000010d8    00000018     rtsv7M4_T_le_v4SPD16_eabi.lib : args_main.obj (.text)
                  000010f0    00000014     driverlib.lib : timer.obj (.text:TimerDisable)
                  00001104    00000014                   : uart.obj (.text:UARTEnable)
                  00001118    00000014     rtsv7M4_T_le_v4SPD16_eabi.lib : _lock.obj (.text)
                  0000112c    00000012     driverlib.lib : gpio.obj (.text:GPIOPinTypeUART)
                  0000113e    00000012                   : timer.obj (.text:TimerLoadSet)
                  00001150    0000000e                   : timer.obj (.text:TimerEnable)
                  0000115e    0000000e     rtsv7M4_T_le_v4SPD16_eabi.lib : copy_decompress_none.obj (.text:decompress:none)
                  0000116c    0000000c     driverlib.lib : cpu.obj (.text:CPUcpsie)
                  00001178    0000000c                   : gpio.obj (.text:GPIOIntEnable)
                  00001184    0000000c     startup_ccs.obj (.text)
                  00001190    0000000a     driverlib.lib : interrupt.obj (.text:IntMasterEnable)
                  0000119a    0000000a                   : timer.obj (.text:TimerValueGet)
                  000011a4    0000000a                   : uart.obj (.text:UARTCharGet)
                  000011ae    0000000a                   : uart.obj (.text:UARTCharPut)
                  000011b8    00000008                   : timer.obj (.text:TimerIntEnable)
                  000011c0    00000008                   : uart.obj (.text:UARTIntEnable)
                  000011c8    00000006                   : gpio.obj (.text:GPIOIntClear)
                  000011ce    00000006                   : gpio.obj (.text:GPIOPinWrite)
                  000011d4    00000006                   : sysctl.obj (.text:SysCtlDelay)
                  000011da    00000006                   : uart.obj (.text:UARTClockSourceSet)
                  000011e0    00000006     rtsv7M4_T_le_v4SPD16_eabi.lib : copy_decompress_rle.obj (.text:decompress:rle24)
                  000011e6    00000004     driverlib.lib : timer.obj (.text:TimerIntClear)

.const     0    000011ec    0000019a     
                  000011ec    00000090     driverlib.lib : gpio.obj (.const:g_pui32GPIOBaseAddrs)
                  0000127c    00000070                   : interrupt.obj (.const)
                  000012ec    0000006c                   : sysctl.obj (.const:g_pui32Xtals)
                  00001358    0000001c     uartstdio.obj (.const)
                  00001374    00000012     uartstdio.obj (.const:.string)

.cinit     0    00001388    00000020     
                  00001388    00000010     (.cinit..data.load) [load image, compression = rle]
                  00001398    00000008     (__TI_handler_table)
                  000013a0    00000008     (__TI_cinit_table)

.stack     0    20000000    00000200     UNINITIALIZED
                  20000000    00000200     --HOLE--

.data      0    20000200    0000001d     
                  20000200    00000008     rtsv7M4_T_le_v4SPD16_eabi.lib : _lock.obj (.data)
                  20000208    00000008                                   : exit.obj (.data)
                  20000210    00000005     uartstdio.obj (.data)
                  20000215    00000003     --HOLE--
                  20000218    00000004     rtsv7M4_T_le_v4SPD16_eabi.lib : stkdepth_vars.obj (.data)
                  2000021c    00000001     main.obj (.data)


LINKER GENERATED COPY TABLES

__TI_cinit_table @ 000013a0 records: 1, size/record: 8, table size: 8
	.data: load addr=00001388, load size=00000010 bytes, run addr=20000200, run size=0000001d bytes, compression=rle


LINKER GENERATED HANDLER TABLE

__TI_handler_table @ 00001398 records: 2, size/record: 4, table size: 8
	index: 0, handler: __TI_decompress_rle24
	index: 1, handler: __TI_decompress_none


GLOBAL SYMBOLS: SORTED ALPHABETICALLY BY Name 

address    name
--------   ----
00000fd1   C$$EXIT
0000116d   CPUcpsie
00001079   GPIODirModeSet
000011c9   GPIOIntClear
00001179   GPIOIntEnable
00000e21   GPIOIntTypeSet
0000089d   GPIOPadConfigSet
00000e79   GPIOPinConfigure
000010c1   GPIOPinTypeGPIOOutput
0000112d   GPIOPinTypeUART
000011cf   GPIOPinWrite
00000d05   IntEnable
00001191   IntMasterEnable
000006d9   LCD12864_Delay
00001185   ResetISR
UNDEFED    SHT$$INIT_ARRAY$$Base
UNDEFED    SHT$$INIT_ARRAY$$Limit
000009cd   SysCtlClockGet
00000ae5   SysCtlClockSet
000011d5   SysCtlDelay
00001011   SysCtlPeripheralEnable
00001045   SysCtlPeripheralPresent
00000dc5   TimerConfigure
000010f1   TimerDisable
00001151   TimerEnable
000011e7   TimerIntClear
000011b9   TimerIntEnable
0000113f   TimerLoadSet
0000119b   TimerValueGet
0000074f   UART0_init
000011a5   UARTCharGet
000011af   UARTCharPut
000011db   UARTClockSourceSet
00000f8f   UARTConfigSetExpClk
000010a5   UARTDisable
00001105   UARTEnable
000011c1   UARTIntEnable
0000026d   UARTStdioConfig
000003b3   UARTgetc
000002f9   UARTgets
000006a5   UARTprintf
000003d9   UARTvprintf
000002b3   UARTwrite
20000200   __STACK_END
00000200   __STACK_SIZE
20000200   __STACK_TOP
000013a0   __TI_CINIT_Base
000013a8   __TI_CINIT_Limit
00001398   __TI_Handler_Table_Base
000013a0   __TI_Handler_Table_Limit
00000001   __TI_args_main
00000c71   __TI_auto_init
0000115f   __TI_decompress_none
000011e1   __TI_decompress_rle24
00000000   __TI_static_base__
00000bd5   __aeabi_memcpy
00000bd5   __aeabi_memcpy4
00000bd5   __aeabi_memcpy8
00000f4d   __aeabi_uidivmod
ffffffff   __binit__
ffffffff   __c_args__
20000000   __stack
000010d9   _args_main
00000ec1   _c_int00
20000208   _cleanup_ptr
2000020c   _dtors_ptr
20000200   _lock
00001127   _nop
0000111f   _register_lock
00001119   _register_unlock
20000204   _unlock
00000fd5   abort
ffffffff   binit
00000f09   copy_in
00000fdd   exit
00000000   g_pfnVectors
0000071d   gpiob_ini
00000709   gpiob_int_handler
000007ef   main
20000218   main_func_sp
00000bd5   memcpy
000007b9   timer0_ini
000007a3   timer0_int_handler
2000021c   ui8PrevCount


GLOBAL SYMBOLS: SORTED BY Symbol Address 

address    name
--------   ----
00000000   __TI_static_base__
00000000   g_pfnVectors
00000001   __TI_args_main
00000200   __STACK_SIZE
0000026d   UARTStdioConfig
000002b3   UARTwrite
000002f9   UARTgets
000003b3   UARTgetc
000003d9   UARTvprintf
000006a5   UARTprintf
000006d9   LCD12864_Delay
00000709   gpiob_int_handler
0000071d   gpiob_ini
0000074f   UART0_init
000007a3   timer0_int_handler
000007b9   timer0_ini
000007ef   main
0000089d   GPIOPadConfigSet
000009cd   SysCtlClockGet
00000ae5   SysCtlClockSet
00000bd5   __aeabi_memcpy
00000bd5   __aeabi_memcpy4
00000bd5   __aeabi_memcpy8
00000bd5   memcpy
00000c71   __TI_auto_init
00000d05   IntEnable
00000dc5   TimerConfigure
00000e21   GPIOIntTypeSet
00000e79   GPIOPinConfigure
00000ec1   _c_int00
00000f09   copy_in
00000f4d   __aeabi_uidivmod
00000f8f   UARTConfigSetExpClk
00000fd1   C$$EXIT
00000fd5   abort
00000fdd   exit
00001011   SysCtlPeripheralEnable
00001045   SysCtlPeripheralPresent
00001079   GPIODirModeSet
000010a5   UARTDisable
000010c1   GPIOPinTypeGPIOOutput
000010d9   _args_main
000010f1   TimerDisable
00001105   UARTEnable
00001119   _register_unlock
0000111f   _register_lock
00001127   _nop
0000112d   GPIOPinTypeUART
0000113f   TimerLoadSet
00001151   TimerEnable
0000115f   __TI_decompress_none
0000116d   CPUcpsie
00001179   GPIOIntEnable
00001185   ResetISR
00001191   IntMasterEnable
0000119b   TimerValueGet
000011a5   UARTCharGet
000011af   UARTCharPut
000011b9   TimerIntEnable
000011c1   UARTIntEnable
000011c9   GPIOIntClear
000011cf   GPIOPinWrite
000011d5   SysCtlDelay
000011db   UARTClockSourceSet
000011e1   __TI_decompress_rle24
000011e7   TimerIntClear
00001398   __TI_Handler_Table_Base
000013a0   __TI_CINIT_Base
000013a0   __TI_Handler_Table_Limit
000013a8   __TI_CINIT_Limit
20000000   __stack
20000200   __STACK_END
20000200   __STACK_TOP
20000200   _lock
20000204   _unlock
20000208   _cleanup_ptr
2000020c   _dtors_ptr
20000218   main_func_sp
2000021c   ui8PrevCount
ffffffff   __binit__
ffffffff   __c_args__
ffffffff   binit
UNDEFED    SHT$$INIT_ARRAY$$Base
UNDEFED    SHT$$INIT_ARRAY$$Limit

[84 symbols]
